
#
# N16 StreamOut map for Cadence FirstEncounter
#
DIEAREA ALL 108	 0

M1     LEFPIN,LEFOBS,PIN,NET,SPNET,VIA:MASK:1 31       0,120
M1     LEFPIN,LEFOBS,PIN,NET,SPNET,VIA:MASK:2 31       0,121
M2     LEFPIN,LEFOBS,PIN,NET,SPNET,VIA:MASK:1 32       70,120
M2     LEFPIN,LEFOBS,PIN,NET,SPNET,VIA:MASK:2 32       70,121
M3     LEFPIN,LEFOBS,PIN,NET,SPNET,VIA:MASK:1 33       70,120
M3     LEFPIN,LEFOBS,PIN,NET,SPNET,VIA:MASK:2 33       70,121
M4     LEFPIN,LEFOBS,PIN,NET,SPNET,VIA 34       150
M5     LEFPIN,LEFOBS,PIN,NET,SPNET,VIA 35       245
M6     LEFPIN,LEFOBS,PIN,NET,SPNET,VIA 36       240
M7     LEFPIN,LEFOBS,PIN,NET,SPNET,VIA 37       245
M8     LEFPIN,LEFOBS,PIN,NET,SPNET,VIA 38       40
M9     LEFPIN,LEFOBS,PIN,NET,SPNET,VIA 39       40
AP     LEFPIN,LEFOBS,PIN,NET,SPNET,VIA 74       0
CTM     LEFPIN,LEFOBS,PIN,NET,SPNET,VIA 77       0
CBM     LEFPIN,LEFOBS,PIN,NET,SPNET,VIA 88       0 
M1     VIAFILL,FILL            31    1
M2     VIAFILL,FILL            32    71
M3     VIAFILL,FILL            33    71
M4     VIAFILL,FILL            34    151
M5     VIAFILL,FILL            35    246
M6     VIAFILL,FILL            36    241
M7     VIAFILL,FILL            37    246
M8     FILL            38    41
M9     FILL            39    41
AP     FILL            74    1 
VIA1     LEFPIN,LEFOBS,VIA   51       70
VIA2     LEFPIN,LEFOBS,VIA   52       70
VIA3     LEFPIN,LEFOBS,VIA   53       150
VIA4     LEFPIN,LEFOBS,VIA   54       240
VIA5     LEFPIN,LEFOBS,VIA   55       240
VIA6     LEFPIN,LEFOBS,VIA   56       240
VIA7     LEFPIN,LEFOBS,VIA   57       40
VIA8     LEFPIN,LEFOBS,VIA   58       40
RV     LEFPIN,LEFOBS,VIA   85       0 
VIA1     VIAFILL         51    71
VIA2     VIAFILL         52    71
VIA3     VIAFILL         53    151
VIA4     VIAFILL         54    241
VIA5     VIAFILL         55    241
VIA6     VIAFILL         56    241 
NAME     AP/PIN          126    0
NAME     M1/PIN          131    0
NAME     M2/PIN          132    0
NAME     M3/PIN          133    0
NAME     M4/PIN          134    0
NAME     M5/PIN          135    0
NAME     M6/PIN          136    0
NAME     M7/PIN          137    0
NAME     M8/PIN          138    0
NAME     M9/PIN          139    0
# This mapping file is transformed from TSMC N16 Layout Editor Mapping File - virtuoso_16nm_1P9M_2Xa1Xd_h_3Xe_vhv_2Z_12a.map, Feb 19 2016
